trace_recurrent.json/baseline 14650fb0739d0383
trace_recurrent.json/recurrent_only 41b00a24d73143e2
trace_recurrent.json/kv_only 14650fb0739d0383
trace_recurrent.json/naive_both 9757677315a71e03
trace_recurrent.json/global 41b00a24d73143e2
trace_recurrent.json/step_traffic_bytes 18500000000
trace_recurrent_kv.json/baseline 14650fb0739d0383
trace_recurrent_kv.json/recurrent_only be4e2c001e173c72
trace_recurrent_kv.json/kv_only 048f5277a81619e3
trace_recurrent_kv.json/naive_both a30d6922aa0b5ec3
trace_recurrent_kv.json/global 31d6455ae9b9e11d
trace_recurrent_kv.json/step_traffic_bytes 18500000000
trace_concurrency.json/baseline 14650fb0739d0383
trace_concurrency.json/recurrent_only b2a253cc86c4ebae
trace_concurrency.json/kv_only fdf4b420e6434bb7
trace_concurrency.json/naive_both 14650fb0739d0383
trace_concurrency.json/global 233d21d70e058611
trace_concurrency.json/step_traffic_bytes 18500000000
